2025-11-20 19:47:00 | WARN | repo=pv243 | action=commit
2025-05-21 21:48:00 | WARN | repo=pv243 | action=commit
2025-11-01 18:24:00 | DEBUG | repo=pv243 | action=commit
2025-04-18 21:54:00 | WARN | repo=pv243 | action=commit
2025-10-01 14:38:00 | WARN | repo=pv243 | action=commit
2025-06-11 18:11:00 | DEBUG | repo=pv243 | action=commit
2025-04-06 10:05:00 | DEBUG | repo=pv243 | action=test | passed=true
2025-01-24 13:02:00 | INFO | repo=pv243 | action=commit
2025-09-18 15:16:00 | DEBUG | repo=pv243 | action=commit
2025-01-03 18:36:00 | INFO | repo=pv243 | action=commit
2025-10-07 16:48:00 | INFO | repo=pv243 | action=commit
2025-06-11 08:51:00 | INFO | repo=pv243 | action=commit
2025-03-25 07:47:00 | DEBUG | repo=pv243 | action=commit
2025-08-27 18:34:00 | DEBUG | repo=pv243 | action=commit
2025-12-12 14:25:00 | WARN | repo=pv243 | action=commit
2025-04-22 15:21:00 | INFO | repo=pv243 | action=test | passed=true
2025-03-25 14:15:00 | DEBUG | repo=pv243 | action=commit
2025-02-07 08:28:00 | WARN | repo=pv243 | action=commit
2025-03-21 10:28:00 | WARN | repo=pv243 | action=test | passed=true
2025-12-11 11:15:00 | DEBUG | repo=pv243 | action=commit
2025-09-24 08:05:00 | DEBUG | repo=pv243 | action=commit
2025-08-19 08:25:00 | INFO | repo=pv243 | action=commit
2025-06-26 07:52:00 | DEBUG | repo=pv243 | action=commit
2025-04-27 16:12:00 | DEBUG | repo=pv243 | action=commit
2025-10-11 10:18:00 | INFO | repo=pv243 | action=commit
